<testsuites id="" name="" tests="4" failures="0" skipped="0" errors="0" time="7.533925999999999">
<testsuite name="AddProductsToCartAPITest.spec.js" timestamp="2024-04-11T07:46:38.736Z" hostname="chromium" tests="2" failures="0" skipped="0" time="1.99" errors="0">
<testcase name="Verify user is able to add products to carts" classname="AddProductsToCartAPITest.spec.js" time="1.028">
<system-out>
<![CDATA[URL https://api.demoblaze.com/addtocart
{
  id: [32m'419168b6-3e91-2132-b1a7-5b61207febd3'[39m,
  cookie: [32m'dGVzdHVzZXI5OTk0MTE3MDcxMDg='[39m,
  prod_id: [33m1[39m,
  flag: [33mtrue[39m
}
{
  id: [32m'829bc3a8-5f23-4ea8-72dd-baf0b36bbff7'[39m,
  cookie: [32m'dGVzdHVzZXI5OTk0MTE3MDcxMDg='[39m,
  prod_id: [33m2[39m,
  flag: [33mtrue[39m
}

[[ATTACHMENT|test-results\AddProductsToCartAPITest-Verify-user-is-able-to-add-products-to-carts-chromium\trace.zip]]
]]>
</system-out>
</testcase>
<testcase name="Verify user is able to delete products from cart" classname="AddProductsToCartAPITest.spec.js" time="0.962">
<system-out>
<![CDATA[URL https://api.demoblaze.com/addtocart
{
  id: [32m'419168b6-3e91-2132-b1a7-5b61207febd3'[39m,
  cookie: [32m'dGVzdHVzZXI5OTk0MTE3MDcxMDg='[39m,
  prod_id: [33m1[39m,
  flag: [33mfalse[39m
}
{
  id: [32m'829bc3a8-5f23-4ea8-72dd-baf0b36bbff7'[39m,
  cookie: [32m'dGVzdHVzZXI5OTk0MTE3MDcxMDg='[39m,
  prod_id: [33m2[39m,
  flag: [33mfalse[39m
}

[[ATTACHMENT|test-results\AddProductsToCartAPITest-Verify-user-is-able-to-delete-products-from-cart-chromium\trace.zip]]
]]>
</system-out>
</testcase>
</testsuite>
<testsuite name="AddProductsToCartTest.spec.js" timestamp="2024-04-11T07:46:38.736Z" hostname="chromium" tests="2" failures="0" skipped="0" time="3.203" errors="0">
<testcase name="Verify user is able to log into app" classname="AddProductsToCartTest.spec.js" time="2.282">
<system-out>
<![CDATA[✔ Add prouducts to cart and Place order (0.7024ms)
[35m2024-04-11T07:46:42.159Z[39m

[[ATTACHMENT|test-results\AddProductsToCartTest-Verify-user-is-able-to-log-into-app-chromium\trace.zip]]
]]>
</system-out>
</testcase>
<testcase name="Verify user is able to delete the added products in cart" classname="AddProductsToCartTest.spec.js" time="0.921">
<system-out>
<![CDATA[
[[ATTACHMENT|test-results\AddProductsToCartTest-Verify-user-is-able-to-delete-the-added-products-in-cart-chromium\trace.zip]]
]]>
</system-out>
</testcase>
</testsuite>
</testsuites>